> > > > aye
> bee
> cee
> > > cee
> bee
> aye
> cee
> bee
> bee
> > > (cee bee aye)
> 